To honour the JVM settings for this build a single-use Daemon process will be forked. For more on this, please refer to https://docs.gradle.org/8.5/userguide/gradle_daemon.html#sec:disabling_the_daemon in the Gradle documentation.
Daemon will be stopped at the end of the build 

> Configure project :
Fabric Loom: 1.5.8

> Task :clean

> Task :compileJava
.\gradlew : C:\Users\steur\OneDrive\Documenten\FrogSlimeGamemode-1777143513955\src\main\java\com\wayacreate\frogslimegamemode\mixin\AnvilScreenHandlerMixin.java:39: warning: Unable to determine descriptor for @Inject target method
At line:1 char:1
+ .\gradlew clean compileJava --no-daemon 2>&1 | Tee-Object -FilePath b ...
+ ~~~~~~~~~~~~~~~~~~~~~~~~~~~~~~~~~~~~~~~~~~~~
    + CategoryInfo          : NotSpecified: (C:\Users\steur\...t target method:String) [], RemoteException
    + FullyQualifiedErrorId : NativeCommandError
 
    @Inject(method = "transferSlot", at = @At("HEAD"), cancellable = true)
    ^
1 warning

BUILD SUCCESSFUL in 28s
2 actionable tasks: 2 executed
